Archive member included to satisfy reference by file (symbol)

C:/Users/rsoza/Documents/coding/c++/stm32/STM32CubeIDE_1.14.1/STM32CubeIDE/plugins/com.st.stm32cube.ide.mcu.externaltools.gnu-tools-for-stm32.11.3.rel1.win32_1.1.100.202309141235/tools/bin/../lib/gcc/arm-none-eabi/11.3.1/../../../../arm-none-eabi/lib/thumb/v7e-m+fp/hard\libc_nano.a(libc_a-exit.o)
                              C:/Users/rsoza/Documents/coding/c++/stm32/STM32CubeIDE_1.14.1/STM32CubeIDE/plugins/com.st.stm32cube.ide.mcu.externaltools.gnu-tools-for-stm32.11.3.rel1.win32_1.1.100.202309141235/tools/bin/../lib/gcc/arm-none-eabi/11.3.1/../../../../arm-none-eabi/lib/thumb/v7e-m+fp/hard/crt0.o (exit)
C:/Users/rsoza/Documents/coding/c++/stm32/STM32CubeIDE_1.14.1/STM32CubeIDE/plugins/com.st.stm32cube.ide.mcu.externaltools.gnu-tools-for-stm32.11.3.rel1.win32_1.1.100.202309141235/tools/bin/../lib/gcc/arm-none-eabi/11.3.1/../../../../arm-none-eabi/lib/thumb/v7e-m+fp/hard\libc_nano.a(libc_a-findfp.o)
                              C:/Users/rsoza/Documents/coding/c++/stm32/STM32CubeIDE_1.14.1/STM32CubeIDE/plugins/com.st.stm32cube.ide.mcu.externaltools.gnu-tools-for-stm32.11.3.rel1.win32_1.1.100.202309141235/tools/bin/../lib/gcc/arm-none-eabi/11.3.1/../../../../arm-none-eabi/lib/thumb/v7e-m+fp/hard\libc_nano.a(libc_a-exit.o) (__stdio_exit_handler)
C:/Users/rsoza/Documents/coding/c++/stm32/STM32CubeIDE_1.14.1/STM32CubeIDE/plugins/com.st.stm32cube.ide.mcu.externaltools.gnu-tools-for-stm32.11.3.rel1.win32_1.1.100.202309141235/tools/bin/../lib/gcc/arm-none-eabi/11.3.1/../../../../arm-none-eabi/lib/thumb/v7e-m+fp/hard\libc_nano.a(libc_a-fwalk.o)
                              C:/Users/rsoza/Documents/coding/c++/stm32/STM32CubeIDE_1.14.1/STM32CubeIDE/plugins/com.st.stm32cube.ide.mcu.externaltools.gnu-tools-for-stm32.11.3.rel1.win32_1.1.100.202309141235/tools/bin/../lib/gcc/arm-none-eabi/11.3.1/../../../../arm-none-eabi/lib/thumb/v7e-m+fp/hard\libc_nano.a(libc_a-findfp.o) (_fwalk_sglue)
C:/Users/rsoza/Documents/coding/c++/stm32/STM32CubeIDE_1.14.1/STM32CubeIDE/plugins/com.st.stm32cube.ide.mcu.externaltools.gnu-tools-for-stm32.11.3.rel1.win32_1.1.100.202309141235/tools/bin/../lib/gcc/arm-none-eabi/11.3.1/../../../../arm-none-eabi/lib/thumb/v7e-m+fp/hard\libc_nano.a(libc_a-stdio.o)
                              C:/Users/rsoza/Documents/coding/c++/stm32/STM32CubeIDE_1.14.1/STM32CubeIDE/plugins/com.st.stm32cube.ide.mcu.externaltools.gnu-tools-for-stm32.11.3.rel1.win32_1.1.100.202309141235/tools/bin/../lib/gcc/arm-none-eabi/11.3.1/../../../../arm-none-eabi/lib/thumb/v7e-m+fp/hard\libc_nano.a(libc_a-findfp.o) (__sread)
C:/Users/rsoza/Documents/coding/c++/stm32/STM32CubeIDE_1.14.1/STM32CubeIDE/plugins/com.st.stm32cube.ide.mcu.externaltools.gnu-tools-for-stm32.11.3.rel1.win32_1.1.100.202309141235/tools/bin/../lib/gcc/arm-none-eabi/11.3.1/../../../../arm-none-eabi/lib/thumb/v7e-m+fp/hard\libc_nano.a(libc_a-memset.o)
                              C:/Users/rsoza/Documents/coding/c++/stm32/STM32CubeIDE_1.14.1/STM32CubeIDE/plugins/com.st.stm32cube.ide.mcu.externaltools.gnu-tools-for-stm32.11.3.rel1.win32_1.1.100.202309141235/tools/bin/../lib/gcc/arm-none-eabi/11.3.1/../../../../arm-none-eabi/lib/thumb/v7e-m+fp/hard/crt0.o (memset)
C:/Users/rsoza/Documents/coding/c++/stm32/STM32CubeIDE_1.14.1/STM32CubeIDE/plugins/com.st.stm32cube.ide.mcu.externaltools.gnu-tools-for-stm32.11.3.rel1.win32_1.1.100.202309141235/tools/bin/../lib/gcc/arm-none-eabi/11.3.1/../../../../arm-none-eabi/lib/thumb/v7e-m+fp/hard\libc_nano.a(libc_a-closer.o)
                              C:/Users/rsoza/Documents/coding/c++/stm32/STM32CubeIDE_1.14.1/STM32CubeIDE/plugins/com.st.stm32cube.ide.mcu.externaltools.gnu-tools-for-stm32.11.3.rel1.win32_1.1.100.202309141235/tools/bin/../lib/gcc/arm-none-eabi/11.3.1/../../../../arm-none-eabi/lib/thumb/v7e-m+fp/hard\libc_nano.a(libc_a-stdio.o) (_close_r)
C:/Users/rsoza/Documents/coding/c++/stm32/STM32CubeIDE_1.14.1/STM32CubeIDE/plugins/com.st.stm32cube.ide.mcu.externaltools.gnu-tools-for-stm32.11.3.rel1.win32_1.1.100.202309141235/tools/bin/../lib/gcc/arm-none-eabi/11.3.1/../../../../arm-none-eabi/lib/thumb/v7e-m+fp/hard\libc_nano.a(libc_a-reent.o)
                              C:/Users/rsoza/Documents/coding/c++/stm32/STM32CubeIDE_1.14.1/STM32CubeIDE/plugins/com.st.stm32cube.ide.mcu.externaltools.gnu-tools-for-stm32.11.3.rel1.win32_1.1.100.202309141235/tools/bin/../lib/gcc/arm-none-eabi/11.3.1/../../../../arm-none-eabi/lib/thumb/v7e-m+fp/hard\libc_nano.a(libc_a-closer.o) (errno)
C:/Users/rsoza/Documents/coding/c++/stm32/STM32CubeIDE_1.14.1/STM32CubeIDE/plugins/com.st.stm32cube.ide.mcu.externaltools.gnu-tools-for-stm32.11.3.rel1.win32_1.1.100.202309141235/tools/bin/../lib/gcc/arm-none-eabi/11.3.1/../../../../arm-none-eabi/lib/thumb/v7e-m+fp/hard\libc_nano.a(libc_a-impure.o)
[...]
Memory Configuration

Name             Origin             Length             Attributes
RAM              0x0000000020000000 0x0000000000020000 xrw
FLASH            0x0000000008000000 0x0000000000080000 xr
*default*        0x0000000000000000 0xffffffffffffffff

Linker script and memory map

LOAD C:/Users/rsoza/Documents/coding/c++/stm32/STM32CubeIDE_1.14.1/STM32CubeIDE/plugins/com.st.stm32cube.ide.mcu.externaltools.gnu-tools-for-stm32.11.3.rel1.win32_1.1.100.202309141235/tools/bin/../lib/gcc/arm-none-eabi/11.3.1/thumb/v7e-m+fp/hard/crti.o
LOAD C:/Users/rsoza/Documents/coding/c++/stm32/STM32CubeIDE_1.14.1/STM32CubeIDE/plugins/com.st.stm32cube.ide.mcu.externaltools.gnu-tools-for-stm32.11.3.rel1.win32_1.1.100.202309141235/tools/bin/../lib/gcc/arm-none-eabi/11.3.1/thumb/v7e-m+fp/hard/crtbegin.o
LOAD C:/Users/rsoza/Documents/coding/c++/stm32/STM32CubeIDE_1.14.1/STM32CubeIDE/plugins/com.st.stm32cube.ide.mcu.externaltools.gnu-tools-for-stm32.11.3.rel1.win32_1.1.100.202309141235/tools/bin/../lib/gcc/arm-none-eabi/11.3.1/../../../../arm-none-eabi/lib/thumb/v7e-m+fp/hard/crt0.o
LOAD ./Src/adc.o
LOAD ./Src/exti.o
LOAD ./Src/main.o
LOAD ./Src/syscalls.o
LOAD ./Src/sysmem.o
LOAD ./Src/systick.o
LOAD ./Src/tim.o
LOAD ./Src/uart.o
LOAD ./Startup/startup_stm32f411retx.o
START GROUP
LOAD C:/Users/rsoza/Documents/coding/c++/stm32/STM32CubeIDE_1.14.1/STM32CubeIDE/plugins/com.st.stm32cube.ide.mcu.externaltools.gnu-tools-for-stm32.11.3.rel1.win32_1.1.100.202309141235/tools/bin/../lib/gcc/arm-none-eabi/11.3.1/../../../../arm-none-eabi/lib/thumb/v7e-m+fp/hard\libc_nano.a
LOAD C:/Users/rsoza/Documents/coding/c++/stm32/STM32CubeIDE_1.14.1/STM32CubeIDE/plugins/com.st.stm32cube.ide.mcu.externaltools.gnu-tools-for-stm32.11.3.rel1.win32_1.1.100.202309141235/tools/bin/../lib/gcc/arm-none-eabi/11.3.1/../../../../arm-none-eabi/lib/thumb/v7e-m+fp/hard\libm.a
END GROUP
START GROUP
LOAD C:/Users/rsoza/Documents/coding/c++/stm32/STM32CubeIDE_1.14.1/STM32CubeIDE/plugins/com.st.stm32cube.ide.mcu.externaltools.gnu-tools-for-stm32.11.3.rel1.win32_1.1.100.202309141235/tools/bin/../lib/gcc/arm-none-eabi/11.3.1/thumb/v7e-m+fp/hard\libgcc.a
LOAD C:/Users/rsoza/Documents/coding/c++/stm32/STM32CubeIDE_1.14.1/STM32CubeIDE/plugins/com.st.stm32cube.ide.mcu.externaltools.gnu-tools-for-stm32.11.3.rel1.win32_1.1.100.202309141235/tools/bin/../lib/gcc/arm-none-eabi/11.3.1/../../../../arm-none-eabi/lib/thumb/v7e-m+fp/hard\libc_nano.a
END GROUP
START GROUP
LOAD C:/Users/rsoza/Documents/coding/c++/stm32/STM32CubeIDE_1.14.1/STM32CubeIDE/plugins/com.st.stm32cube.ide.mcu.externaltools.gnu-tools-for-stm32.11.3.rel1.win32_1.1.100.202309141235/tools/bin/../lib/gcc/arm-none-eabi/11.3.1/thumb/v7e-m+fp/hard\libgcc.a
LOAD C:/Users/rsoza/Documents/coding/c++/stm32/STM32CubeIDE_1.14.1/STM32CubeIDE/plugins/com.st.stm32cube.ide.mcu.externaltools.gnu-tools-for-stm32.11.3.rel1.win32_1.1.100.202309141235/tools/bin/../lib/gcc/arm-none-eabi/11.3.1/../../../../arm-none-eabi/lib/thumb/v7e-m+fp/hard\libc_nano.a
LOAD C:/Users/rsoza/Documents/coding/c++/stm32/STM32CubeIDE_1.14.1/STM32CubeIDE/plugins/com.st.stm32cube.ide.mcu.externaltools.gnu-tools-for-stm32.11.3.rel1.win32_1.1.100.202309141235/tools/bin/../lib/gcc/arm-none-eabi/11.3.1/../../../../arm-none-eabi/lib/thumb/v7e-m+fp/hard\libnosys.a
END GROUP
START GROUP
LOAD C:/Users/rsoza/Documents/coding/c++/stm32/STM32CubeIDE_1.14.1/STM32CubeIDE/plugins/com.st.stm32cube.ide.mcu.externaltools.gnu-tools-for-stm32.11.3.rel1.win32_1.1.100.202309141235/tools/bin/../lib/gcc/arm-none-eabi/11.3.1/thumb/v7e-m+fp/hard\libgcc.a
LOAD C:/Users/rsoza/Documents/coding/c++/stm32/STM32CubeIDE_1.14.1/STM32CubeIDE/plugins/com.st.stm32cube.ide.mcu.externaltools.gnu-tools-for-stm32.11.3.rel1.win32_1.1.100.202309141235/tools/bin/../lib/gcc/arm-none-eabi/11.3.1/../../../../arm-none-eabi/lib/thumb/v7e-m+fp/hard\libc_nano.a
LOAD C:/Users/rsoza/Documents/coding/c++/stm32/STM32CubeIDE_1.14.1/STM32CubeIDE/plugins/com.st.stm32cube.ide.mcu.externaltools.gnu-tools-for-stm32.11.3.rel1.win32_1.1.100.202309141235/tools/bin/../lib/gcc/arm-none-eabi/11.3.1/../../../../arm-none-eabi/lib/thumb/v7e-m+fp/hard\libnosys.a
END GROUP
LOAD C:/Users/rsoza/Documents/coding/c++/stm32/STM32CubeIDE_1.14.1/STM32CubeIDE/plugins/com.st.stm32cube.ide.mcu.externaltools.gnu-tools-for-stm32.11.3.rel1.win32_1.1.100.202309141235/tools/bin/../lib/gcc/arm-none-eabi/11.3.1/thumb/v7e-m+fp/hard/crtend.o
LOAD C:/Users/rsoza/Documents/coding/c++/stm32/STM32CubeIDE_1.14.1/STM32CubeIDE/plugins/com.st.stm32cube.ide.mcu.externaltools.gnu-tools-for-stm32.11.3.rel1.win32_1.1.100.202309141235/tools/bin/../lib/gcc/arm-none-eabi/11.3.1/thumb/v7e-m+fp/hard/crtn.o
                0x0000000020020000                _estack = (ORIGIN (RAM) + LENGTH (RAM))
                0x0000000000000200                _Min_Heap_Size = 0x200
                0x0000000000000400                _Min_Stack_Size = 0x400

.isr_vector     0x0000000008000000      0x198
                0x0000000008000000                . = ALIGN (0x4)
 *(.isr_vector)
 .isr_vector    0x0000000008000000      0x198 ./Startup/startup_stm32f411retx.o
                0x0000000008000000                g_pfnVectors
                0x0000000008000198                . = ALIGN (0x4)

.text           0x0000000008000198      0x308
                0x0000000008000198                . = ALIGN (0x4)
 *(.text)
 .text          0x0000000008000198       0x40 C:/Users/rsoza/Documents/coding/c++/stm32/STM32CubeIDE_1.14.1/STM32CubeIDE/plugins/com.st.stm32cube.ide.mcu.externaltools.gnu-tools-for-stm32.11.3.rel1.win32_1.1.100.202309141235/tools/bin/../lib/gcc/arm-none-eabi/11.3.1/thumb/v7e-m+fp/hard/crtbegin.o
 *(.text*)
 .text.main     0x00000000080001d8       0x38 ./Src/main.o
                0x00000000080001d8                main
 .text.uart_callback
                0x0000000008000210       0x48 ./Src/main.o
 .text.USART2_IRQHandler
                0x0000000008000258       0x1c ./Src/main.o
                0x0000000008000258                USART2_IRQHandler
 .text.__NVIC_EnableIRQ
                0x0000000008000274       0x3c ./Src/uart.o
 .text.uart2_tx_interrupt_init
                0x00000000080002b0       0xf0 ./Src/uart.o
                0x00000000080002b0                uart2_tx_interrupt_init
 .text.uart_set_baudrate
                0x00000000080003a0       0x24 ./Src/uart.o
 .text.compute_uart_bd
                0x00000000080003c4       0x26 ./Src/uart.o
 *fill*         0x00000000080003ea        0x2 
 .text.Reset_Handler
                0x00000000080003ec       0x50 ./Startup/startup_stm32f411retx.o
                0x00000000080003ec                Reset_Handler
 .text.Default_Handler
                0x000000000800043c        0x2 ./Startup/startup_stm32f411retx.o
                0x000000000800043c                RTC_Alarm_IRQHandler
                0x000000000800043c                EXTI2_IRQHandler
                0x000000000800043c                DebugMon_Handler
                0x000000000800043c                SPI4_IRQHandler
                0x000000000800043c                TIM1_CC_IRQHandler
                0x000000000800043c                DMA2_Stream5_IRQHandler
                0x000000000800043c                HardFault_Handler
                0x000000000800043c                DMA1_Stream5_IRQHandler
                0x000000000800043c                SysTick_Handler
                0x000000000800043c                PVD_IRQHandler
                0x000000000800043c                SDIO_IRQHandler
                0x000000000800043c                TAMP_STAMP_IRQHandler
                0x000000000800043c                PendSV_Handler
                0x000000000800043c                NMI_Handler
                0x000000000800043c                EXTI3_IRQHandler
                0x000000000800043c                TIM1_UP_TIM10_IRQHandler
                0x000000000800043c                I2C3_ER_IRQHandler
                0x000000000800043c                EXTI0_IRQHandler
                0x000000000800043c                I2C2_EV_IRQHandler
                0x000000000800043c                DMA1_Stream2_IRQHandler
                0x000000000800043c                UsageFault_Handler
                0x000000000800043c                DMA2_Stream2_IRQHandler
                0x000000000800043c                SPI1_IRQHandler
                0x000000000800043c                TIM1_BRK_TIM9_IRQHandler
                0x000000000800043c                DMA2_Stream3_IRQHandler
                0x000000000800043c                USART6_IRQHandler
                0x000000000800043c                DMA2_Stream0_IRQHandler
                0x000000000800043c                TIM4_IRQHandler
                0x000000000800043c                I2C1_EV_IRQHandler
                0x000000000800043c                DMA1_Stream6_IRQHandler
                0x000000000800043c                DMA1_Stream1_IRQHandler
                0x000000000800043c                TIM3_IRQHandler
                0x000000000800043c                RCC_IRQHandler
                0x000000000800043c                Default_Handler
                0x000000000800043c                EXTI15_10_IRQHandler
                0x000000000800043c                ADC_IRQHandler
                0x000000000800043c                DMA1_Stream7_IRQHandler
                0x000000000800043c                SPI5_IRQHandler
                0x000000000800043c                TIM5_IRQHandler
                0x000000000800043c                DMA2_Stream7_IRQHandler
                0x000000000800043c                I2C3_EV_IRQHandler
                0x000000000800043c                EXTI9_5_IRQHandler
                0x000000000800043c                RTC_WKUP_IRQHandler
                0x000000000800043c                SPI2_IRQHandler
                0x000000000800043c                MemManage_Handler
                0x000000000800043c                DMA1_Stream0_IRQHandler
                0x000000000800043c                SVC_Handler
                0x000000000800043c                EXTI4_IRQHandler
                0x000000000800043c                WWDG_IRQHandler
                0x000000000800043c                TIM2_IRQHandler
                0x000000000800043c                OTG_FS_WKUP_IRQHandler
                0x000000000800043c                TIM1_TRG_COM_TIM11_IRQHandler
                0x000000000800043c                EXTI1_IRQHandler
                0x000000000800043c                I2C2_ER_IRQHandler
                0x000000000800043c                DMA2_Stream1_IRQHandler
                0x000000000800043c                FLASH_IRQHandler
                0x000000000800043c                DMA2_Stream4_IRQHandler
                0x000000000800043c                BusFault_Handler
                0x000000000800043c                USART1_IRQHandler
                0x000000000800043c                OTG_FS_IRQHandler
                0x000000000800043c                SPI3_IRQHandler
                0x000000000800043c                DMA1_Stream4_IRQHandler
                0x000000000800043c                I2C1_ER_IRQHandler
                0x000000000800043c                DMA2_Stream6_IRQHandler
                0x000000000800043c                DMA1_Stream3_IRQHandler
 *fill*         0x000000000800043e        0x2 
 .text.__libc_init_array
                0x0000000008000440       0x48 C:/Users/rsoza/Documents/coding/c++/stm32/STM32CubeIDE_1.14.1/STM32CubeIDE/plugins/com.st.stm32cube.ide.mcu.externaltools.gnu-tools-for-stm32.11.3.rel1.win32_1.1.100.202309141235/tools/bin/../lib/gcc/arm-none-eabi/11.3.1/../../../../arm-none-eabi/lib/thumb/v7e-m+fp/hard\libc_nano.a(libc_a-init.o)
                0x0000000008000440                __libc_init_array
 *(.glue_7)
 .glue_7        0x0000000008000488        0x0 linker stubs
 *(.glue_7t)
 .glue_7t       0x0000000008000488        0x0 linker stubs
 *(.eh_frame)
 .eh_frame      0x0000000008000488        0x0 C:/Users/rsoza/Documents/coding/c++/stm32/STM32CubeIDE_1.14.1/STM32CubeIDE/plugins/com.st.stm32cube.ide.mcu.externaltools.gnu-tools-for-stm32.11.3.rel1.win32_1.1.100.202309141235/tools/bin/../lib/gcc/arm-none-eabi/11.3.1/thumb/v7e-m+fp/hard/crtbegin.o
 *(.init)
 .init          0x0000000008000488        0x4 C:/Users/rsoza/Documents/coding/c++/stm32/STM32CubeIDE_1.14.1/STM32CubeIDE/plugins/com.st.stm32cube.ide.mcu.externaltools.gnu-tools-for-stm32.11.3.rel1.win32_1.1.100.202309141235/tools/bin/../lib/gcc/arm-none-eabi/11.3.1/thumb/v7e-m+fp/hard/crti.o
                0x0000000008000488                _init
 .init          0x000000000800048c        0x8 C:/Users/rsoza/Documents/coding/c++/stm32/STM32CubeIDE_1.14.1/STM32CubeIDE/plugins/com.st.stm32cube.ide.mcu.externaltools.gnu-tools-for-stm32.11.3.rel1.win32_1.1.100.202309141235/tools/bin/../lib/gcc/arm-none-eabi/11.3.1/thumb/v7e-m+fp/hard/crtn.o
 *(.fini)
 .fini          0x0000000008000494        0x4 C:/Users/rsoza/Documents/coding/c++/stm32/STM32CubeIDE_1.14.1/STM32CubeIDE/plugins/com.st.stm32cube.ide.mcu.externaltools.gnu-tools-for-stm32.11.3.rel1.win32_1.1.100.202309141235/tools/bin/../lib/gcc/arm-none-eabi/11.3.1/thumb/v7e-m+fp/hard/crti.o
                0x0000000008000494                _fini
 .fini          0x0000000008000498        0x8 C:/Users/rsoza/Documents/coding/c++/stm32/STM32CubeIDE_1.14.1/STM32CubeIDE/plugins/com.st.stm32cube.ide.mcu.externaltools.gnu-tools-for-stm32.11.3.rel1.win32_1.1.100.202309141235/tools/bin/../lib/gcc/arm-none-eabi/11.3.1/thumb/v7e-m+fp/hard/crtn.o
                0x00000000080004a0                . = ALIGN (0x4)
                0x00000000080004a0                _etext = .

.vfp11_veneer   0x00000000080004a0        0x0
 .vfp11_veneer  0x00000000080004a0        0x0 linker stubs

.v4_bx          0x00000000080004a0        0x0
 .v4_bx         0x00000000080004a0        0x0 linker stubs

.iplt           0x00000000080004a0        0x0
 .iplt          0x00000000080004a0        0x0 C:/Users/rsoza/Documents/coding/c++/stm32/STM32CubeIDE_1.14.1/STM32CubeIDE/plugins/com.st.stm32cube.ide.mcu.externaltools.gnu-tools-for-stm32.11.3.rel1.win32_1.1.100.202309141235/tools/bin/../lib/gcc/arm-none-eabi/11.3.1/thumb/v7e-m+fp/hard/crtbegin.o

.rel.dyn        0x00000000080004a0        0x0
 .rel.iplt      0x00000000080004a0        0x0 C:/Users/rsoza/Documents/coding/c++/stm32/STM32CubeIDE_1.14.1/STM32CubeIDE/plugins/com.st.stm32cube.ide.mcu.externaltools.gnu-tools-for-stm32.11.3.rel1.win32_1.1.100.202309141235/tools/bin/../lib/gcc/arm-none-eabi/11.3.1/thumb/v7e-m+fp/hard/crtbegin.o

.rodata         0x00000000080004a0        0x0
                0x00000000080004a0                . = ALIGN (0x4)
 *(.rodata)
 *(.rodata*)
                0x00000000080004a0                . = ALIGN (0x4)

.ARM.extab      0x00000000080004a0        0x0
                0x00000000080004a0                . = ALIGN (0x4)
 *(.ARM.extab* .gnu.linkonce.armextab.*)
                0x00000000080004a0                . = ALIGN (0x4)

.ARM            0x00000000080004a0        0x0
                0x00000000080004a0                . = ALIGN (0x4)
                0x00000000080004a0                __exidx_start = .
 *(.ARM.exidx*)
                0x00000000080004a0                __exidx_end = .
                0x00000000080004a0                . = ALIGN (0x4)

.preinit_array  0x00000000080004a0        0x0
                0x00000000080004a0                . = ALIGN (0x4)
                0x00000000080004a0                PROVIDE (__preinit_array_start = .)
 *(.preinit_array*)
                0x00000000080004a0                PROVIDE (__preinit_array_end = .)
                0x00000000080004a0                . = ALIGN (0x4)

.init_array     0x00000000080004a0        0x4
                0x00000000080004a0                . = ALIGN (0x4)
                0x00000000080004a0                PROVIDE (__init_array_start = .)
 *(SORT_BY_NAME(.init_array.*))
 *(.init_array*)
 .init_array    0x00000000080004a0        0x4 C:/Users/rsoza/Documents/coding/c++/stm32/STM32CubeIDE_1.14.1/STM32CubeIDE/plugins/com.st.stm32cube.ide.mcu.externaltools.gnu-tools-for-stm32.11.3.rel1.win32_1.1.100.202309141235/tools/bin/../lib/gcc/arm-none-eabi/11.3.1/thumb/v7e-m+fp/hard/crtbegin.o
                0x00000000080004a4                PROVIDE (__init_array_end = .)
                0x00000000080004a4                . = ALIGN (0x4)

.fini_array     0x00000000080004a4        0x4
                0x00000000080004a4                . = ALIGN (0x4)
                [!provide]                        PROVIDE (__fini_array_start = .)
 *(SORT_BY_NAME(.fini_array.*))
 *(.fini_array*)
 .fini_array    0x00000000080004a4        0x4 C:/Users/rsoza/Documents/coding/c++/stm32/STM32CubeIDE_1.14.1/STM32CubeIDE/plugins/com.st.stm32cube.ide.mcu.externaltools.gnu-tools-for-stm32.11.3.rel1.win32_1.1.100.202309141235/tools/bin/../lib/gcc/arm-none-eabi/11.3.1/thumb/v7e-m+fp/hard/crtbegin.o
                [!provide]                        PROVIDE (__fini_array_end = .)
                0x00000000080004a8                . = ALIGN (0x4)
                0x00000000080004a8                _sidata = LOADADDR (.data)

.data           0x0000000020000000        0x0 load address 0x00000000080004a8
                0x0000000020000000                . = ALIGN (0x4)
                0x0000000020000000                _sdata = .
 *(.data)
 *(.data*)
 *(.RamFunc)
 *(.RamFunc*)
                0x0000000020000000                . = ALIGN (0x4)
                0x0000000020000000                _edata = .

.igot.plt       0x0000000020000000        0x0 load address 0x00000000080004a8
 .igot.plt      0x0000000020000000        0x0 C:/Users/rsoza/Documents/coding/c++/stm32/STM32CubeIDE_1.14.1/STM32CubeIDE/plugins/com.st.stm32cube.ide.mcu.externaltools.gnu-tools-for-stm32.11.3.rel1.win32_1.1.100.202309141235/tools/bin/../lib/gcc/arm-none-eabi/11.3.1/thumb/v7e-m+fp/hard/crtbegin.o
                0x0000000020000000                . = ALIGN (0x4)

.bss            0x0000000020000000       0x20 load address 0x00000000080004a8
                0x0000000020000000                _sbss = .
                0x0000000020000000                __bss_start__ = _sbss
 *(.bss)
 .bss           0x0000000020000000       0x1c C:/Users/rsoza/Documents/coding/c++/stm32/STM32CubeIDE_1.14.1/STM32CubeIDE/plugins/com.st.stm32cube.ide.mcu.externaltools.gnu-tools-for-stm32.11.3.rel1.win32_1.1.100.202309141235/tools/bin/../lib/gcc/arm-none-eabi/11.3.1/thumb/v7e-m+fp/hard/crtbegin.o
 *(.bss*)
 .bss.key       0x000000002000001c        0x1 ./Src/main.o
                0x000000002000001c                key
 *(COMMON)
                0x0000000020000020                . = ALIGN (0x4)
 *fill*         0x000000002000001d        0x3 
                0x0000000020000020                _ebss = .
                0x0000000020000020                __bss_end__ = _ebss

._user_heap_stack
                0x0000000020000020      0x600 load address 0x00000000080004a8
                0x0000000020000020                . = ALIGN (0x8)
                [!provide]                        PROVIDE (end = .)
                0x0000000020000020                PROVIDE (_end = .)
                0x0000000020000220                . = (. + _Min_Heap_Size)
 *fill*         0x0000000020000020      0x200 
                0x0000000020000620                . = (. + _Min_Stack_Size)
 *fill*         0x0000000020000220      0x400 
                0x0000000020000620                . = ALIGN (0x8)

/DISCARD/
 libc.a(*)
 libm.a(*)
 libgcc.a(*)

.ARM.attributes
                0x0000000000000000       0x30
 *(.ARM.attributes)
 .ARM.attributes
                0x0000000000000000       0x1e C:/Users/rsoza/Documents/coding/c++/stm32/STM32CubeIDE_1.14.1/STM32CubeIDE/plugins/com.st.stm32cube.ide.mcu.externaltools.gnu-tools-for-stm32.11.3.rel1.win32_1.1.100.202309141235/tools/bin/../lib/gcc/arm-none-eabi/11.3.1/thumb/v7e-m+fp/hard/crti.o
 .ARM.attributes
                0x000000000000001e       0x34 C:/Users/rsoza/Documents/coding/c++/stm32/STM32CubeIDE_1.14.1/STM32CubeIDE/plugins/com.st.stm32cube.ide.mcu.externaltools.gnu-tools-for-stm32.11.3.rel1.win32_1.1.100.202309141235/tools/bin/../lib/gcc/arm-none-eabi/11.3.1/thumb/v7e-m+fp/hard/crtbegin.o
 .ARM.attributes
                0x0000000000000052       0x34 ./Src/main.o
 .ARM.attributes
                0x0000000000000086       0x34 ./Src/uart.o
 .ARM.attributes
                0x00000000000000ba       0x21 ./Startup/startup_stm32f411retx.o
 .ARM.attributes
                0x00000000000000db       0x34 C:/Users/rsoza/Documents/coding/c++/stm32/STM32CubeIDE_1.14.1/STM32CubeIDE/plugins/com.st.stm32cube.ide.mcu.externaltools.gnu-tools-for-stm32.11.3.rel1.win32_1.1.100.202309141235/tools/bin/../lib/gcc/arm-none-eabi/11.3.1/../../../../arm-none-eabi/lib/thumb/v7e-m+fp/hard\libc_nano.a(libc_a-init.o)
 .ARM.attributes
                0x000000000000010f       0x1e C:/Users/rsoza/Documents/coding/c++/stm32/STM32CubeIDE_1.14.1/STM32CubeIDE/plugins/com.st.stm32cube.ide.mcu.externaltools.gnu-tools-for-stm32.11.3.rel1.win32_1.1.100.202309141235/tools/bin/../lib/gcc/arm-none-eabi/11.3.1/thumb/v7e-m+fp/hard/crtn.o
OUTPUT(16_uart_rx_interrupt.elf elf32-littlearm)
LOAD linker stubs
LOAD C:/Users/rsoza/Documents/coding/c++/stm32/STM32CubeIDE_1.14.1/STM32CubeIDE/plugins/com.st.stm32cube.ide.mcu.externaltools.gnu-tools-for-stm32.11.3.rel1.win32_1.1.100.202309141235/tools/bin/../lib/gcc/arm-none-eabi/11.3.1/../../../../arm-none-eabi/lib/thumb/v7e-m+fp/hard\libc.a
LOAD C:/Users/rsoza/Documents/coding/c++/stm32/STM32CubeIDE_1.14.1/STM32CubeIDE/plugins/com.st.stm32cube.ide.mcu.externaltools.gnu-tools-for-stm32.11.3.rel1.win32_1.1.100.202309141235/tools/bin/../lib/gcc/arm-none-eabi/11.3.1/../../../../arm-none-eabi/lib/thumb/v7e-m+fp/hard\libm.a
LOAD C:/Users/rsoza/Documents/coding/c++/stm32/STM32CubeIDE_1.14.1/STM32CubeIDE/plugins/com.st.stm32cube.ide.mcu.externaltools.gnu-tools-for-stm32.11.3.rel1.win32_1.1.100.202309141235/tools/bin/../lib/gcc/arm-none-eabi/11.3.1/thumb/v7e-m+fp/hard\libgcc.a

.comment        0x0000000000000000       0x43
 .comment       0x0000000000000000       0x43 C:/Users/rsoza/Documents/coding/c++/stm32/STM32CubeIDE_1.14.1/STM32CubeIDE/plugins/com.st.stm32cube.ide.mcu.externaltools.gnu-tools-for-stm32.11.3.rel1.win32_1.1.100.202309141235/tools/bin/../lib/gcc/arm-none-eabi/11.3.1/thumb/v7e-m+fp/hard/crtbegin.o
                                         0x44 (size before relaxing)
 .comment       0x0000000000000043       0x44 ./Src/main.o
 .comment       0x0000000000000043       0x44 ./Src/uart.o

.debug_info     0x0000000000000000      0xba6
 .debug_info    0x0000000000000000      0x39e ./Src/main.o
 .debug_info    0x000000000000039e      0x7e5 ./Src/uart.o
 .debug_info    0x0000000000000b83       0x23 ./Startup/startup_stm32f411retx.o

.debug_abbrev   0x0000000000000000      0x312
 .debug_abbrev  0x0000000000000000      0x10d ./Src/main.o
 .debug_abbrev  0x000000000000010d      0x1f3 ./Src/uart.o
 .debug_abbrev  0x0000000000000300       0x12 ./Startup/startup_stm32f411retx.o

.debug_aranges  0x0000000000000000       0xc0
 .debug_aranges
                0x0000000000000000       0x30 ./Src/main.o
 .debug_aranges
                0x0000000000000030       0x68 ./Src/uart.o
 .debug_aranges
                0x0000000000000098       0x28 ./Startup/startup_stm32f411retx.o

.debug_rnglists
                0x0000000000000000       0x85
 .debug_rnglists
                0x0000000000000000       0x1f ./Src/main.o
 .debug_rnglists
                0x000000000000001f       0x4d ./Src/uart.o
 .debug_rnglists
                0x000000000000006c       0x19 ./Startup/startup_stm32f411retx.o

.debug_macro    0x0000000000000000      0xdff
 .debug_macro   0x0000000000000000      0x1ec ./Src/main.o
 .debug_macro   0x00000000000001ec       0x61 ./Src/main.o
 .debug_macro   0x000000000000024d       0x2a ./Src/main.o
 .debug_macro   0x0000000000000277       0x43 ./Src/main.o
 .debug_macro   0x00000000000002ba       0x34 ./Src/main.o
 .debug_macro   0x00000000000002ee       0x16 ./Src/main.o
 .debug_macro   0x0000000000000304       0x97 ./Src/main.o
 .debug_macro   0x000000000000039b      0x369 ./Src/main.o
 .debug_macro   0x0000000000000704       0xfd ./Src/main.o
 .debug_macro   0x0000000000000801       0x10 ./Src/main.o
 .debug_macro   0x0000000000000811       0x16 ./Src/main.o
 .debug_macro   0x0000000000000827       0x43 ./Src/main.o
 .debug_macro   0x000000000000086a       0x34 ./Src/main.o
 .debug_macro   0x000000000000089e       0x10 ./Src/main.o
 .debug_macro   0x00000000000008ae       0x58 ./Src/main.o
 .debug_macro   0x0000000000000906       0x8e ./Src/main.o
 .debug_macro   0x0000000000000994       0x1c ./Src/main.o
 .debug_macro   0x00000000000009b0      0x177 ./Src/main.o
 .debug_macro   0x0000000000000b27       0x16 ./Src/main.o
 .debug_macro   0x0000000000000b3d       0x16 ./Src/main.o
 .debug_macro   0x0000000000000b53      0x147 ./Src/main.o
 .debug_macro   0x0000000000000c9a       0x16 ./Src/main.o
 .debug_macro   0x0000000000000cb0       0x16 ./Src/main.o
 .debug_macro   0x0000000000000cc6       0x10 ./Src/main.o
 .debug_macro   0x0000000000000cd6      0x119 ./Src/uart.o
 .debug_macro   0x0000000000000def       0x10 ./Src/uart.o

.debug_line     0x0000000000000000      0xeef
 .debug_line    0x0000000000000000      0x75a ./Src/main.o
 .debug_line    0x000000000000075a      0x71a ./Src/uart.o
 .debug_line    0x0000000000000e74       0x7b ./Startup/startup_stm32f411retx.o

.debug_str      0x0000000000000000    0x53678
 .debug_str     0x0000000000000000    0x530c0 ./Src/main.o
                                      0x532b0 (size before relaxing)
 .debug_str     0x00000000000530c0      0x533 ./Src/uart.o
                                      0x4fd05 (size before relaxing)
 .debug_str     0x00000000000535f3       0x85 ./Startup/startup_stm32f411retx.o

.debug_frame    0x0000000000000000      0x1f4
 .debug_frame   0x0000000000000000       0x68 ./Src/main.o
 .debug_frame   0x0000000000000068      0x160 ./Src/uart.o
 .debug_frame   0x00000000000001c8       0x2c C:/Users/rsoza/Documents/coding/c++/stm32/STM32CubeIDE_1.14.1/STM32CubeIDE/plugins/com.st.stm32cube.ide.mcu.externaltools.gnu-tools-for-stm32.11.3.rel1.win32_1.1.100.202309141235/tools/bin/../lib/gcc/arm-none-eabi/11.3.1/../../../../arm-none-eabi/lib/thumb/v7e-m+fp/hard\libc_nano.a(libc_a-init.o)

.debug_line_str
                0x0000000000000000       0x79
 .debug_line_str
                0x0000000000000000       0x79 ./Startup/startup_stm32f411retx.o
                                         0x91 (size before relaxing)
