18:51:10 **** Incremental Build of configuration Debug for project 19_timer_interrupt ****
make -j16 all 
arm-none-eabi-gcc "../Src/main.c" -mcpu=cortex-m4 -std=gnu11 -g3 -DDEBUG -DSTM32 -DSTM32F4 -DSTM32F411RETx -DSTM32F411xE -c -I../Inc -I"C:/Users/rsoza/Documents/coding/c++/stm32/Workshop/F4_chip_headers/CMSIS/Device/ST/STM32F4xx/Include" -I"C:/Users/rsoza/Documents/coding/c++/stm32/Workshop/F4_chip_headers/CMSIS/Include" -O0 -ffunction-sections -fdata-sections -Wall -fstack-usage -fcyclomatic-complexity -MMD -MP -MF"Src/main.d" -MT"Src/main.o" --specs=nano.specs -mfpu=fpv4-sp-d16 -mfloat-abi=hard -mthumb -o "Src/main.o"
arm-none-eabi-gcc -o "19_timer_interrupt.elf" @"objects.list"   -mcpu=cortex-m4 -T"C:\Users\rsoza\Documents\coding\c++\stm32\Workshop\19_timer_interrupt\STM32F411RETX_FLASH.ld" --specs=nosys.specs -Wl,-Map="19_timer_interrupt.map" -Wl,--gc-sections -static --specs=nano.specs -mfpu=fpv4-sp-d16 -mfloat-abi=hard -mthumb -Wl,--start-group -lc -lm -Wl,--end-group
Finished building target: 19_timer_interrupt.elf
 
arm-none-eabi-size  19_timer_interrupt.elf 
arm-none-eabi-objdump -h -S 19_timer_interrupt.elf  > "19_timer_interrupt.list"
   text	   data	    bss	    dec	    hex	filename
   5404	    100	   1900	   7404	   1cec	19_timer_interrupt.elf
Finished building: default.size.stdout
 
Finished building: 19_timer_interrupt.list
 

18:51:11 Build Finished. 0 errors, 0 warnings. (took 551ms)

